[INFO] [1776849409.742679291] [slam_data_collector]: SLAM data collector initialized (v2 — fixed)
[INFO] [1776849409.743179831] [slam_data_collector]:   Covariance: /rtabmap/localization_pose (6-DOF)
[INFO] [1776849409.743469277] [slam_data_collector]:   3D map:     /rtabmap/octomap_full
[INFO] [1776849409.743736560] [slam_data_collector]:   2D map:     /rtabmap/octomap_grid (Z-filterable)
[INFO] [1776849409.744835880] [slam_data_collector]:   LiDAR:      /scan (360° + directional, body-frame corrected)
[INFO] [1776849409.745188628] [slam_data_collector]:   Depth:      /depth_camera (reactive avoidance)
[INFO] [1776849409.745636699] [slam_data_collector]:   Tracking:   odom-timeout based (1.5s threshold)
[INFO] [1776849413.305521945] [slam_data_collector]: Z-filter set (confirmed): [0.50m, 1.50m]
[INFO] [1776849421.803564626] [slam_data_collector]: OFFBOARD mode command sent
[INFO] [1776849422.105193628] [slam_data_collector]: ARM command sent
[INFO] [1776849443.344851653] [slam_data_collector]: Z-filter set (confirmed): [0.50m, 1.50m]
[INFO] [1776849485.603537062] [slam_data_collector]: Z-filter set (confirmed): [1.50m, 2.50m]
[INFO] [1776849529.486392173] [slam_data_collector]: Z-filter set (confirmed): [2.50m, 3.50m]
[INFO] [1776849573.272601455] [slam_data_collector]: Z-filter set (confirmed): [3.50m, 4.50m]
[Transfer] Model:     lightweight_train/results_3d_shape_delta_800k_maxsteps600/models/slam3d_180000_steps.zip
[Transfer] VecNorm:   lightweight_train/results_3d_shape_delta_800k_maxsteps600/models/slam3d_vecnormalize_180000_steps.compat.pkl
[Transfer] Episodes:  1
[Transfer] EMA α:     0.50  (motion-safety filter active)
[Transfer] Output:    logs/gazebo_transfer
[ActiveSLAMEnv] Waiting for data... (pos=N map=N)
[ActiveSLAMEnv] Waiting for data... (pos=N map=N)
[ActiveSLAMEnv] Waiting for data... (pos=N map=N)
[ActiveSLAMEnv] Waiting for data... (pos=N map=N)
[ActiveSLAMEnv] Waiting for data... (pos=N map=N)
[ActiveSLAMEnv] Waiting for data... (pos=N map=N)
[ActiveSLAMEnv] Waiting for data... (pos=Y map=N)
[ActiveSLAMEnv] Sensor data received (position + map).
[ActiveSLAMEnv] Z-filter: [0.5m, 1.5m] at alt=1.0m
[Transfer] Loading VecNormalize stats...
[Transfer] Loading model...
[Transfer] Model loaded.

[Transfer] === Episode 0/1 -> frontier_fix_ep0_20260422_091658.csv ===

[ActiveSLAMEnv] === RESET (Episode 1) ===
[ActiveSLAMEnv] First episode — arming and taking off...
[ActiveSLAMEnv] Arming and taking off to 1.0m...
[ActiveSLAMEnv] Drone ARMED successfully (attempt 1).
[ActiveSLAMEnv] Reached altitude: 0.80m (target: 1.0m)
[ActiveSLAMEnv] Post-takeoff stabilization (3s)...
[ActiveSLAMEnv] Stabilized at altitude: 0.88m
[ActiveSLAMEnv] Z-filter: [0.5m, 1.5m] at alt=1.0m
[ActiveSLAMEnv] Episode 1 ready. Known cells: 778, Cov: 0.0116
[ActiveSLAMEnv] Z-filter: [1.5m, 2.5m] at alt=2.0m
[ActiveSLAMEnv] Z-filter: [2.5m, 3.5m] at alt=3.0m
[Step 50/2000] R=1.84 cov=12.4% cov_trace=0.4178 alt=3.0m frontiers=54 near_f=0.2m new_cells=0
[ActiveSLAMEnv] Z-filter: [3.5m, 4.5m] at alt=4.0m
[Step 100/2000] R=1.93 cov=12.4% cov_trace=0.6589 alt=4.0m frontiers=52 near_f=0.0m new_cells=0
  step 100: cov=11.55% trace=0.659 loops=4 trk_lost=0
[Transfer] Wrote logs/gazebo_transfer/frontier_fix_ep0_20260422_091658.csv (100 steps, final cov=11.55%)

[Transfer] All episodes complete.
Exception in thread Thread-1 (spin):
Traceback (most recent call last):
  File "/usr/lib/python3.10/threading.py", line 1016, in _bootstrap_inner
